{"tool":"pest","result":"failed","tests":157,"passed":144,"assertions":306,"duration_ms":51989,"failed":1,"failures":[{"test":"P\\Tests\\Feature\\WebhookTest::__pest_evaluable_stripe_webhook_handles_checkout_session_completed_and_marks_order_as_paid","file":"\\sites\\pubblicittadev\\vendor\\laravel\\framework\\src\\Illuminate\\Testing\\TestResponseAssert.php","line":45,"message":"Expected response status code [200] but received 500.\nFailed asserting that 500 is identical to 200.\r\n\r\nThe following exception occurred during the last request:\n\nError: Undefined constant Stripe\\Checkout\\Session::OBJECT_NAME in C:\\sites\\pubblicittadev\\vendor\\stripe\\stripe-php\\lib\\Util\\ObjectTypes.php:44\nStack trace:\n#0 C:\\sites\\pubblicittadev\\vendor\\stripe\\stripe-php\\lib\\Util\\Util.php(49): [constant expression]()\n#1 C:\\sites\\pubblicittadev\\vendor\\stripe\\stripe-php\\lib\\StripeObject.php(348): Stripe\\Util\\Util::convertToStripeObject('evt_test_123', NULL, 'v1')\n#2 C:\\sites\\pubblicittadev\\vendor\\stripe\\stripe-php\\lib\\StripeObject.php(322): Stripe\\StripeObject->updateAttributes(Array, NULL, false, 'v1')\n#3 C:\\sites\\pubblicittadev\\vendor\\stripe\\stripe-php\\lib\\StripeObject.php(276): Stripe\\StripeObject->refreshFrom(Array, NULL, false, 'v1')\n#4 C:\\sites\\pubblicittadev\\vendor\\stripe\\stripe-php\\lib\\Webhook.php(46): Stripe\\StripeObject::constructFrom(Array)\n#5 C:\\sites\\pubblicittadev\\app\\Http\\Controllers\\WebhookController.php(30): Stripe\\Webhook::constructEvent('{\"id\":\"evt_test..', 't=1779099098,v1..', 'whsec_test')\n#6 C:\\sites\\pubblicittadev\\vendor\\laravel\\framework\\src\\Illuminate\\Routing\\ControllerDispatcher.php(46): App\\Http\\Controllers\\WebhookController->handle(Object(Illuminate\\Http\\Request))\n#7 C:\\sites\\pubblicittadev\\vendor\\laravel\\framework\\src\\Illuminate\\Routing\\Route.php(269): Illuminate\\Routing\\ControllerDispatcher->dispatch(Object(Illuminate\\Routing\\Route), Object(App\\Http\\Controllers\\WebhookController), 'handle')\n#8 C:\\sites\\pubblicittadev\\vendor\\laravel\\framework\\src\\Illuminate\\Routing\\Route.php(215): Illuminate\\Routing\\Route->runController()\n#9 C:\\sites\\pubblicittadev\\vendor\\laravel\\framework\\src\\Illuminate\\Routing\\Router.php(822): Illuminate\\Routing\\Route->run()\n#10 C:\\sites\\pubblicittadev\\vendor\\laravel\\framework\\src\\Illuminate\\Pipeline\\Pipeline.php(180): Illuminate\\Routing\\Router->{closure:Illuminate\\Routing\\Router::runRouteWithinStack():821}(Object(Illuminate\\Http\\Request))\n#11 C:\\sites\\pubblicittadev\\vendor\\laravel\\framework\\src\\Illuminate\\Routing\\Middleware\\SubstituteBindings.php(52): Illuminate\\Pipeline\\Pipeline->{closure:Illuminate\\Pipeline\\Pipeline::prepareDestination():178}(Object(Illuminate\\Http\\Request))\n#12 C:\\sites\\pubblicittadev\\vendor\\laravel\\framework\\src\\Illuminate\\Pipeline\\Pipeline.php(219): Illuminate\\Routing\\Middleware\\SubstituteBindings->handle(Object(Illuminate\\Http\\Request), Object(Closure))\n#13 C:\\sites\\pubblicittadev\\vendor\\laravel\\framework\\src\\Illuminate\\Foundation\\Http\\Middleware\\PreventRequestForgery.php(104): Illuminate\\Pipeline\\Pipeline->{closure:{closure:Illuminate\\Pipeline\\Pipeline::carry():194}:195}(Object(Illuminate\\Http\\Request))\n#14 C:\\sites\\pubblicittadev\\vendor\\laravel\\framework\\src\\Illuminate\\Pipeline\\Pipeline.php(219): Illuminate\\Foundation\\Http\\Middleware\\PreventRequestForgery->handle(Object(Illuminate\\Http\\Request), Object(Closure))\n#15 C:\\sites\\pubblicittadev\\vendor\\laravel\\framework\\src\\Illuminate\\View\\Middleware\\ShareErrorsFromSession.php(48): Illuminate\\Pipeline\\Pipeline->{closure:{closure:Illuminate\\Pipeline\\Pipeline::carry():194}:195}(Object(Illuminate\\Http\\Request))\n#16 C:\\sites\\pubblicittadev\\vendor\\laravel\\framework\\src\\Illuminate\\Pipeline\\Pipeline.php(219): Illuminate\\View\\Middleware\\ShareErrorsFromSession->handle(Object(Illuminate\\Http\\Request), Object(Closure))\n#17 C:\\sites\\pubblicittadev\\vendor\\laravel\\framework\\src\\Illuminate\\Session\\Middleware\\StartSession.php(120): Illuminate\\Pipeline\\Pipeline->{closure:{closure:Illuminate\\Pipeline\\Pipeline::carry():194}:195}(Object(Illuminate\\Http\\Request))\n#18 C:\\sites\\pubblicittadev\\vendor\\laravel\\framework\\src\\Illuminate\\Session\\Middleware\\StartSession.php(63): Illuminate\\Session\\Middleware\\StartSession->handleStatefulRequest(Object(Illuminate\\Http\\Request), Object(Illuminate\\Session\\Store), Object(Closure))\n#19 C:\\sites\\pubblicittadev\\vendor\\laravel\\framework\\src\\Illuminate\\Pipeline\\Pipeline.php(219): Illuminate\\Session\\Middleware\\StartSession->handle(Object(Illuminate\\Http\\Request), Object(Closure))\n#20 C:\\sites\\pubblicittadev\\vendor\\laravel\\framework\\src\\Illuminate\\Cookie\\Middleware\\AddQueuedCookiesToResponse.php(36): Illuminate\\Pipeline\\Pipeline->{closure:{closure:Illuminate\\Pipeline\\Pipeline::carry():194}:195}(Object(Illuminate\\Http\\Request))\n#21 C:\\sites\\pubblicittadev\\vendor\\laravel\\framework\\src\\Illuminate\\Pipeline\\Pipeline.php(219): Illuminate\\Cookie\\Middleware\\AddQueuedCookiesToResponse->handle(Object(Illuminate\\Http\\Request), Object(Closure))\n#22 C:\\sites\\pubblicittadev\\vendor\\laravel\\framework\\src\\Illuminate\\Cookie\\Middleware\\EncryptCookies.php(74): Illuminate\\Pipeline\\Pipeline->{closure:{closure:Illuminate\\Pipeline\\Pipeline::carry():194}:195}(Object(Illuminate\\Http\\Request))\n#23 C:\\sites\\pubblicittadev\\vendor\\laravel\\framework\\src\\Illuminate\\Pipeline\\Pipeline.php(219): Illuminate\\Cookie\\Middleware\\EncryptCookies->handle(Object(Illuminate\\Http\\Request), Object(Closure))\n#24 C:\\sites\\pubblicittadev\\vendor\\laravel\\framework\\src\\Illuminate\\Pipeline\\Pipeline.php(137): Illuminate\\Pipeline\\Pipeline->{closure:{closure:Illuminate\\Pipeline\\Pipeline::carry():194}:195}(Object(Illuminate\\Http\\Request))\n#25 C:\\sites\\pubblicittadev\\vendor\\laravel\\framework\\src\\Illuminate\\Routing\\Router.php(821): Illuminate\\Pipeline\\Pipeline->then(Object(Closure))\n#26 C:\\sites\\pubblicittadev\\vendor\\laravel\\framework\\src\\Illuminate\\Routing\\Router.php(800): Illuminate\\Routing\\Router->runRouteWithinStack(Object(Illuminate\\Routing\\Route), Object(Illuminate\\Http\\Request))\n#27 C:\\sites\\pubblicittadev\\vendor\\laravel\\framework\\src\\Illuminate\\Routing\\Router.php(764): Illuminate\\Routing\\Router->runRoute(Object(Illuminate\\Http\\Request), Object(Illuminate\\Routing\\Route))\n#28 C:\\sites\\pubblicittadev\\vendor\\laravel\\framework\\src\\Illuminate\\Routing\\Router.php(753): Illuminate\\Routing\\Router->dispatchToRoute(Object(Illuminate\\Http\\Request))\n#29 C:\\sites\\pubblicittadev\\vendor\\laravel\\framework\\src\\Illuminate\\Foundation\\Http\\Kernel.php(200): Illuminate\\Routing\\Router->dispatch(Object(Illuminate\\Http\\Request))\n#30 C:\\sites\\pubblicittadev\\vendor\\laravel\\framework\\src\\Illuminate\\Pipeline\\Pipeline.php(180): Illuminate\\Foundation\\Http\\Kernel->{closure:Illuminate\\Foundation\\Http\\Kernel::dispatchToRouter():197}(Object(Illuminate\\Http\\Request))\n#31 C:\\sites\\pubblicittadev\\vendor\\livewire\\livewire\\src\\Features\\SupportDisablingBackButtonCache\\DisableBackButtonCacheMiddleware.php(19): Illuminate\\Pipeline\\Pipeline->{closure:Illuminate\\Pipeline\\Pipeline::prepareDestination():178}(Object(Illuminate\\Http\\Request))\n#32 C:\\sites\\pubblicittadev\\vendor\\laravel\\framework\\src\\Illuminate\\Pipeline\\Pipeline.php(219): Livewire\\Features\\SupportDisablingBackButtonCache\\DisableBackButtonCacheMiddleware->handle(Object(Illuminate\\Http\\Request), Object(Closure))\n#33 C:\\sites\\pubblicittadev\\vendor\\laravel\\framework\\src\\Illuminate\\Foundation\\Http\\Middleware\\TransformsRequest.php(21): Illuminate\\Pipeline\\Pipeline->{closure:{closure:Illuminate\\Pipeline\\Pipeline::carry():194}:195}(Object(Illuminate\\Http\\Request))\n#34 C:\\sites\\pubblicittadev\\vendor\\laravel\\framework\\src\\Illuminate\\Foundation\\Http\\Middleware\\ConvertEmptyStringsToNull.php(31): Illuminate\\Foundation\\Http\\Middleware\\TransformsRequest->handle(Object(Illuminate\\Http\\Request), Object(Closure))\n#35 C:\\sites\\pubblicittadev\\vendor\\laravel\\framework\\src\\Illuminate\\Pipeline\\Pipeline.php(219): Illuminate\\Foundation\\Http\\Middleware\\ConvertEmptyStringsToNull->handle(Object(Illuminate\\Http\\Request), Object(Closure))\n#36 C:\\sites\\pubblicittadev\\vendor\\laravel\\framework\\src\\Illuminate\\Foundation\\Http\\Middleware\\TransformsRequest.php(21): Illuminate\\Pipeline\\Pipeline->{closure:{closure:Illuminate\\Pipeline\\Pipeline::carry():194}:195}(Object(Illuminate\\Http\\Request))\n#37 C:\\sites\\pubblicittadev\\vendor\\laravel\\framework\\src\\Illuminate\\Foundation\\Http\\Middleware\\TrimStrings.php(51): Illuminate\\Foundation\\Http\\Middleware\\TransformsRequest->handle(Object(Illuminate\\Http\\Request), Object(Closure))\n#38 C:\\sites\\pubblicittadev\\vendor\\laravel\\framework\\src\\Illuminate\\Pipeline\\Pipeline.php(219): Illuminate\\Foundation\\Http\\Middleware\\TrimStrings->handle(Object(Illuminate\\Http\\Request), Object(Closure))\n#39 C:\\sites\\pubblicittadev\\vendor\\laravel\\framework\\src\\Illuminate\\Http\\Middleware\\ValidatePostSize.php(27): Illuminate\\Pipeline\\Pipeline->{closure:{closure:Illuminate\\Pipeline\\Pipeline::carry():194}:195}(Object(Illuminate\\Http\\Request))\n#40 C:\\sites\\pubblicittadev\\vendor\\laravel\\framework\\src\\Illuminate\\Pipeline\\Pipeline.php(219): Illuminate\\Http\\Middleware\\ValidatePostSize->handle(Object(Illuminate\\Http\\Request), Object(Closure))\n#41 C:\\sites\\pubblicittadev\\vendor\\laravel\\framework\\src\\Illuminate\\Foundation\\Http\\Middleware\\PreventRequestsDuringMaintenance.php(109): Illuminate\\Pipeline\\Pipeline->{closure:{closure:Illuminate\\Pipeline\\Pipeline::carry():194}:195}(Object(Illuminate\\Http\\Request))\n#42 C:\\sites\\pubblicittadev\\vendor\\laravel\\framework\\src\\Illuminate\\Pipeline\\Pipeline.php(219): Illuminate\\Foundation\\Http\\Middleware\\PreventRequestsDuringMaintenance->handle(Object(Illuminate\\Http\\Request), Object(Closure))\n#43 C:\\sites\\pubblicittadev\\vendor\\laravel\\framework\\src\\Illuminate\\Http\\Middleware\\HandleCors.php(61): Illuminate\\Pipeline\\Pipeline->{closure:{closure:Illuminate\\Pipeline\\Pipeline::carry():194}:195}(Object(Illuminate\\Http\\Request))\n#44 C:\\sites\\pubblicittadev\\vendor\\laravel\\framework\\src\\Illuminate\\Pipeline\\Pipeline.php(219): Illuminate\\Http\\Middleware\\HandleCors->handle(Object(Illuminate\\Http\\Request), Object(Closure))\n#45 C:\\sites\\pubblicittadev\\vendor\\laravel\\framework\\src\\Illuminate\\Http\\Middleware\\TrustProxies.php(58): Illuminate\\Pipeline\\Pipeline->{closure:{closure:Illuminate\\Pipeline\\Pipeline::carry():194}:195}(Object(Illuminate\\Http\\Request))\n#46 C:\\sites\\pubblicittadev\\vendor\\laravel\\framework\\src\\Illuminate\\Pipeline\\Pipeline.php(219): Illuminate\\Http\\Middleware\\TrustProxies->handle(Object(Illuminate\\Http\\Request), Object(Closure))\n#47 C:\\sites\\pubblicittadev\\vendor\\laravel\\framework\\src\\Illuminate\\Foundation\\Http\\Middleware\\InvokeDeferredCallbacks.php(22): Illuminate\\Pipeline\\Pipeline->{closure:{closure:Illuminate\\Pipeline\\Pipeline::carry():194}:195}(Object(Illuminate\\Http\\Request))\n#48 C:\\sites\\pubblicittadev\\vendor\\laravel\\framework\\src\\Illuminate\\Pipeline\\Pipeline.php(219): Illuminate\\Foundation\\Http\\Middleware\\InvokeDeferredCallbacks->handle(Object(Illuminate\\Http\\Request), Object(Closure))\n#49 C:\\sites\\pubblicittadev\\vendor\\laravel\\framework\\src\\Illuminate\\Http\\Middleware\\ValidatePathEncoding.php(28): Illuminate\\Pipeline\\Pipeline->{closure:{closure:Illuminate\\Pipeline\\Pipeline::carry():194}:195}(Object(Illuminate\\Http\\Request))\n#50 C:\\sites\\pubblicittadev\\vendor\\laravel\\framework\\src\\Illuminate\\Pipeline\\Pipeline.php(219): Illuminate\\Http\\Middleware\\ValidatePathEncoding->handle(Object(Illuminate\\Http\\Request), Object(Closure))\n#51 C:\\sites\\pubblicittadev\\vendor\\laravel\\framework\\src\\Illuminate\\Pipeline\\Pipeline.php(137): Illuminate\\Pipeline\\Pipeline->{closure:{closure:Illuminate\\Pipeline\\Pipeline::carry():194}:195}(Object(Illuminate\\Http\\Request))\n#52 C:\\sites\\pubblicittadev\\vendor\\laravel\\framework\\src\\Illuminate\\Foundation\\Http\\Kernel.php(175): Illuminate\\Pipeline\\Pipeline->then(Object(Closure))\n#53 C:\\sites\\pubblicittadev\\vendor\\laravel\\framework\\src\\Illuminate\\Foundation\\Http\\Kernel.php(144): Illuminate\\Foundation\\Http\\Kernel->sendRequestThroughRouter(Object(Illuminate\\Http\\Request))\n#54 C:\\sites\\pubblicittadev\\vendor\\laravel\\framework\\src\\Illuminate\\Foundation\\Testing\\Concerns\\MakesHttpRequests.php(607): Illuminate\\Foundation\\Http\\Kernel->handle(Object(Illuminate\\Http\\Request))\n#55 C:\\sites\\pubblicittadev\\vendor\\laravel\\framework\\src\\Illuminate\\Foundation\\Testing\\Concerns\\MakesHttpRequests.php(573): Illuminate\\Foundation\\Testing\\TestCase->call('POST', '/webhooks/strip..', Array, Array, Array, Array, '{\"id\":\"evt_test..')\n#56 C:\\sites\\pubblicittadev\\vendor\\laravel\\framework\\src\\Illuminate\\Foundation\\Testing\\Concerns\\MakesHttpRequests.php(411): Illuminate\\Foundation\\Testing\\TestCase->json('POST', '/webhooks/strip..', Array, Array, 0)\n#57 C:\\sites\\pubblicittadev\\tests\\Feature\\WebhookTest.php(52): Illuminate\\Foundation\\Testing\\TestCase->postJson('/webhooks/strip..', Array, Array)\n#58 C:\\sites\\pubblicittadev\\vendor\\pestphp\\pest\\src\\Factories\\TestCaseMethodFactory.php(177): P\\Tests\\Feature\\WebhookTest->{closure:C:\\sites\\pubblicittadev\\tests\\Feature\\WebhookTest.php:13}()\n#59 [internal function]: P\\Tests\\Feature\\WebhookTest->{closure:Pest\\Factories\\TestCaseMethodFactory::getClosure():167}()\n#60 C:\\sites\\pubblicittadev\\vendor\\pestphp\\pest\\src\\Concerns\\Testable.php(576): call_user_func_array(Object(Closure), Array)\n#61 C:\\sites\\pubblicittadev\\vendor\\pestphp\\pest\\src\\Support\\ExceptionTrace.php(26): P\\Tests\\Feature\\WebhookTest->{closure:Pest\\Concerns\\Testable::__callClosure():576}()\n#62 C:\\sites\\pubblicittadev\\vendor\\pestphp\\pest\\src\\Concerns\\Testable.php(576): Pest\\Support\\ExceptionTrace::ensure(Object(Closure))\n#63 C:\\sites\\pubblicittadev\\vendor\\pestphp\\pest\\src\\Concerns\\Testable.php(403): P\\Tests\\Feature\\WebhookTest->__callClosure(Object(Closure), Array)\n#64 C:\\sites\\pubblicittadev\\vendor\\pestphp\\pest\\src\\Factories\\TestCaseFactory.php(175) : eval()'d code(26): P\\Tests\\Feature\\WebhookTest->__runTest(Object(Closure))\n#65 C:\\sites\\pubblicittadev\\vendor\\phpunit\\phpunit\\src\\Framework\\TestCase.php(1310): P\\Tests\\Feature\\WebhookTest->__pest_evaluable_stripe_webhook_handles_checkout_session_completed_and_marks_order_as_paid()\n#66 C:\\sites\\pubblicittadev\\vendor\\phpunit\\phpunit\\src\\Framework\\TestCase.php(1344): PHPUnit\\Framework\\TestCase->invokeTestMethod('__pest_evaluabl..', Array)\n#67 C:\\sites\\pubblicittadev\\vendor\\phpunit\\phpunit\\src\\Framework\\TestCase.php(520): PHPUnit\\Framework\\TestCase->runTest()\n#68 C:\\sites\\pubblicittadev\\vendor\\phpunit\\phpunit\\src\\Framework\\TestRunner\\TestRunner.php(99): PHPUnit\\Framework\\TestCase->runBare()\n#69 C:\\sites\\pubblicittadev\\vendor\\phpunit\\phpunit\\src\\Framework\\TestCase.php(360): PHPUnit\\Framework\\TestRunner->run(Object(P\\Tests\\Feature\\WebhookTest))\n#70 C:\\sites\\pubblicittadev\\vendor\\phpunit\\phpunit\\src\\Framework\\TestSuite.php(374): PHPUnit\\Framework\\TestCase->run()\n#71 C:\\sites\\pubblicittadev\\vendor\\phpunit\\phpunit\\src\\Framework\\TestSuite.php(374): PHPUnit\\Framework\\TestSuite->run()\n#72 C:\\sites\\pubblicittadev\\vendor\\phpunit\\phpunit\\src\\Framework\\TestSuite.php(374): PHPUnit\\Framework\\TestSuite->run()\n#73 C:\\sites\\pubblicittadev\\vendor\\phpunit\\phpunit\\src\\TextUI\\TestRunner.php(64): PHPUnit\\Framework\\TestSuite->run()\n#74 C:\\sites\\pubblicittadev\\vendor\\phpunit\\phpunit\\src\\TextUI\\Application.php(229): PHPUnit\\TextUI\\TestRunner->run(Object(PHPUnit\\TextUI\\Configuration\\Configuration), Object(PHPUnit\\Runner\\ResultCache\\DefaultResultCache), Object(PHPUnit\\Framework\\TestSuite))\n#75 C:\\sites\\pubblicittadev\\vendor\\pestphp\\pest\\src\\Kernel.php(117): PHPUnit\\TextUI\\Application->run(Array)\n#76 C:\\sites\\pubblicittadev\\vendor\\pestphp\\pest\\bin\\pest(207): Pest\\Kernel->handle(Array, Array)\n#77 C:\\sites\\pubblicittadev\\vendor\\pestphp\\pest\\bin\\pest(215): {closure:C:\\sites\\pubblicittadev\\vendor\\pestphp\\pest\\bin\\pest:21}()\n#78 {main}\n\n----------------------------------------------------------------------------------\n\nUndefined constant Stripe\\Checkout\\Session::OBJECT_NAME"}],"errors":9,"error_details":[{"test":"P\\Tests\\Unit\\ImageVariantTest::__pest_evaluable_uploaded_image_generates_thumbnail_medium_and_large_webp_variants","file":"\\sites\\pubblicittadev\\vendor\\laravel\\framework\\src\\Illuminate\\Http\\Testing\\FileFactory.php","line":92,"message":"imagejpeg function is not defined and image cannot be generated."},{"test":"P\\Tests\\Feature\\Filament\\CategoryResourceTest::__pest_evaluable_it_can_render_category_list_page","file":"\\sites\\pubblicittadev\\vendor\\laravel\\framework\\src\\Illuminate\\Support\\Number.php","line":451,"message":"The \"intl\" PHP extension is required to use the [format] method. (View: C:\\sites\\pubblicittadev\\vendor\\filament\\tables\\resources\\views\\index.blade.php) (View: C:\\sites\\pubblicittadev\\vendor\\filament\\tables\\resources\\views\\index.blade.php) (View: C:\\sites\\pubblicittadev\\vendor\\filament\\tables\\resources\\views\\index.blade.php)"},{"test":"P\\Tests\\Feature\\Filament\\CategoryResourceTest::__pest_evaluable_it_can_list_categories","file":"\\sites\\pubblicittadev\\vendor\\laravel\\framework\\src\\Illuminate\\Support\\Number.php","line":451,"message":"The \"intl\" PHP extension is required to use the [format] method. (View: C:\\sites\\pubblicittadev\\vendor\\filament\\tables\\resources\\views\\index.blade.php) (View: C:\\sites\\pubblicittadev\\vendor\\filament\\tables\\resources\\views\\index.blade.php) (View: C:\\sites\\pubblicittadev\\vendor\\filament\\tables\\resources\\views\\index.blade.php)"},{"test":"P\\Tests\\Feature\\Filament\\ProductResourceTest::__pest_evaluable_it_can_render_newwave_product_list_page","file":"\\sites\\pubblicittadev\\vendor\\laravel\\framework\\src\\Illuminate\\Support\\Number.php","line":451,"message":"The \"intl\" PHP extension is required to use the [format] method. (View: C:\\sites\\pubblicittadev\\vendor\\filament\\tables\\resources\\views\\index.blade.php) (View: C:\\sites\\pubblicittadev\\vendor\\filament\\tables\\resources\\views\\index.blade.php) (View: C:\\sites\\pubblicittadev\\vendor\\filament\\tables\\resources\\views\\index.blade.php)"},{"test":"P\\Tests\\Feature\\Filament\\ProductResourceTest::__pest_evaluable_it_can_list_newwave_products","file":"\\sites\\pubblicittadev\\vendor\\laravel\\framework\\src\\Illuminate\\Support\\Number.php","line":451,"message":"The \"intl\" PHP extension is required to use the [format] method. (View: C:\\sites\\pubblicittadev\\vendor\\filament\\tables\\resources\\views\\index.blade.php) (View: C:\\sites\\pubblicittadev\\vendor\\filament\\tables\\resources\\views\\index.blade.php) (View: C:\\sites\\pubblicittadev\\vendor\\filament\\tables\\resources\\views\\index.blade.php)"},{"test":"P\\Tests\\Feature\\Filament\\ProductResourceTest::__pest_evaluable_it_can_search_newwave_products_by_name","file":"\\sites\\pubblicittadev\\vendor\\laravel\\framework\\src\\Illuminate\\Support\\Number.php","line":451,"message":"The \"intl\" PHP extension is required to use the [format] method. (View: C:\\sites\\pubblicittadev\\vendor\\filament\\tables\\resources\\views\\index.blade.php) (View: C:\\sites\\pubblicittadev\\vendor\\filament\\tables\\resources\\views\\index.blade.php) (View: C:\\sites\\pubblicittadev\\vendor\\filament\\tables\\resources\\views\\index.blade.php)"},{"test":"P\\Tests\\Feature\\Filament\\UserResourceTest::__pest_evaluable_it_can_render_user_list_page","file":"\\sites\\pubblicittadev\\vendor\\laravel\\framework\\src\\Illuminate\\Support\\Number.php","line":451,"message":"The \"intl\" PHP extension is required to use the [format] method. (View: C:\\sites\\pubblicittadev\\vendor\\filament\\support\\resources\\views\\components\\pagination\\index.blade.php) (View: C:\\sites\\pubblicittadev\\vendor\\filament\\support\\resources\\views\\components\\pagination\\index.blade.php) (View: C:\\sites\\pubblicittadev\\vendor\\filament\\support\\resources\\views\\components\\pagination\\index.blade.php) (View: C:\\sites\\pubblicittadev\\vendor\\filament\\support\\resources\\views\\components\\pagination\\index.blade.php)"},{"test":"P\\Tests\\Feature\\Filament\\UserResourceTest::__pest_evaluable_it_can_list_users","file":"\\sites\\pubblicittadev\\vendor\\laravel\\framework\\src\\Illuminate\\Support\\Number.php","line":451,"message":"The \"intl\" PHP extension is required to use the [format] method. (View: C:\\sites\\pubblicittadev\\vendor\\filament\\support\\resources\\views\\components\\pagination\\index.blade.php) (View: C:\\sites\\pubblicittadev\\vendor\\filament\\support\\resources\\views\\components\\pagination\\index.blade.php) (View: C:\\sites\\pubblicittadev\\vendor\\filament\\support\\resources\\views\\components\\pagination\\index.blade.php) (View: C:\\sites\\pubblicittadev\\vendor\\filament\\support\\resources\\views\\components\\pagination\\index.blade.php)"},{"test":"P\\Tests\\Feature\\Filament\\UserResourceTest::__pest_evaluable_it_can_search_users_by_email","file":"\\sites\\pubblicittadev\\vendor\\laravel\\framework\\src\\Illuminate\\Support\\Number.php","line":451,"message":"The \"intl\" PHP extension is required to use the [format] method. (View: C:\\sites\\pubblicittadev\\vendor\\filament\\support\\resources\\views\\components\\pagination\\index.blade.php) (View: C:\\sites\\pubblicittadev\\vendor\\filament\\support\\resources\\views\\components\\pagination\\index.blade.php) (View: C:\\sites\\pubblicittadev\\vendor\\filament\\support\\resources\\views\\components\\pagination\\index.blade.php) (View: C:\\sites\\pubblicittadev\\vendor\\filament\\support\\resources\\views\\components\\pagination\\index.blade.php)"}],"skipped":3}
